../Core/Src/main.c:72:6:BMP280_writeReg	24	static
../Core/Src/main.c:84:6:BMP280_ReadChip_id	64	static
../Core/Src/main.c:106:6:BMP280_ReadRegs	24	static
../Core/Src/main.c:118:9:BMP280_ReadTempADC	16	static
../Core/Src/main.c:136:6:BMP280_ReadCalibration	16	static
../Core/Src/main.c:151:7:BMP280_CompensateTemp	24	static
../Core/Src/main.c:176:5:main	96	static
../Core/Src/main.c:286:6:SystemClock_Config	88	static
../Core/Src/main.c:334:13:MX_I2C2_Init	8	static
../Core/Src/main.c:368:13:MX_SPI1_Init	8	static
../Core/Src/main.c:406:13:MX_TIM1_Init	80	static
../Core/Src/main.c:471:13:MX_USART2_UART_Init	8	static
../Core/Src/main.c:504:13:MX_GPIO_Init	48	static
../Core/Src/main.c:556:6:Error_Handler	4	static,ignoring_inline_asm
