02:06:55 **** Incremental Build of configuration Debug for project I2C_OLED ****
make -j12 all 
arm-none-eabi-gcc "../Core/Src/main.c" -mcpu=cortex-m4 -std=gnu11 -g3 -DDEBUG -DUSE_HAL_DRIVER -DSTM32F446xx -c -I../Core/Inc -I../Drivers/STM32F4xx_HAL_Driver/Inc -I../Drivers/STM32F4xx_HAL_Driver/Inc/Legacy -I../Drivers/CMSIS/Device/ST/STM32F4xx/Include -I../Drivers/CMSIS/Include -O0 -ffunction-sections -fdata-sections -Wall -fstack-usage -fcyclomatic-complexity -MMD -MP -MF"Core/Src/main.d" -MT"Core/Src/main.o" --specs=nano.specs -mfpu=fpv4-sp-d16 -mfloat-abi=hard -mthumb -o "Core/Src/main.o"
../Core/Src/main.c: In function 'BMP280_ReadChip_id':
../Core/Src/main.c:98:9: warning: implicit declaration of function 'sprintf' [-Wimplicit-function-declaration]
   98 |         sprintf(arr,"ID=%X\r\n",chip_id);
      |         ^~~~~~~
../Core/Src/main.c:27:1: note: include '<stdio.h>' or provide a declaration of 'sprintf'
   26 | #include <string.h>
  +++ |+#include <stdio.h>
   27 | /* USER CODE END Includes */
../Core/Src/main.c:98:9: warning: incompatible implicit declaration of built-in function 'sprintf' [-Wbuiltin-declaration-mismatch]
   98 |         sprintf(arr,"ID=%X\r\n",chip_id);
      |         ^~~~~~~
../Core/Src/main.c:98:9: note: include '<stdio.h>' or provide a declaration of 'sprintf'
../Core/Src/main.c: In function 'main':
../Core/Src/main.c:225:11: warning: incompatible implicit declaration of built-in function 'sprintf' [-Wbuiltin-declaration-mismatch]
  225 |           sprintf(msg,"Temp = %d.%02d C",temp_x100 / 100,temp_x100 % 100);
      |           ^~~~~~~
../Core/Src/main.c:225:11: note: include '<stdio.h>' or provide a declaration of 'sprintf'
arm-none-eabi-gcc -o "I2C_OLED.elf" @"objects.list"   -mcpu=cortex-m4 -T"C:\Users\My PC\Documents\New_EM\Embedded_Systems\STM32_NEW_WORKSPACE\I2C_OLED\STM32F446RETX_FLASH.ld" --specs=nosys.specs -Wl,-Map="I2C_OLED.map" -Wl,--gc-sections -static --specs=nano.specs -mfpu=fpv4-sp-d16 -mfloat-abi=hard -mthumb -Wl,--start-group -lc -lm -Wl,--end-group
Finished building target: I2C_OLED.elf
 
arm-none-eabi-size  I2C_OLED.elf 
arm-none-eabi-objdump -h -S I2C_OLED.elf  > "I2C_OLED.list"
   text	   data	    bss	    dec	    hex	filename
  24744	     92	   3260	  28096	   6dc0	I2C_OLED.elf
Finished building: default.size.stdout
 
Finished building: I2C_OLED.list
 

02:06:56 Build Finished. 0 errors, 3 warnings. (took 1s.336ms)

