14:14:38 **** Incremental Build of configuration Debug for project RTOS1 ****
make -j12 all 
arm-none-eabi-gcc "../Core/Src/main.c" -mcpu=cortex-m4 -std=gnu11 -g3 -DDEBUG -DUSE_HAL_DRIVER -DSTM32F446xx -c -I"C:/Users/My PC/Documents/New_EM/Embedded_Systems/FreeRTOS/RTOS_workspace/RTOS1/ThirdParty/FreeRTOS/include" -I"C:/Users/My PC/Documents/New_EM/Embedded_Systems/FreeRTOS/RTOS_workspace/RTOS1/ThirdParty/FreeRTOS/portable/GCC/ARM_CM4F" -I"C:/Users/My PC/Documents/New_EM/Embedded_Systems/FreeRTOS/RTOS_workspace/RTOS1/ThirdParty/FreeRTOS" -I../Core/Inc -I../Drivers/STM32F4xx_HAL_Driver/Inc -I../Drivers/STM32F4xx_HAL_Driver/Inc/Legacy -I../Drivers/CMSIS/Device/ST/STM32F4xx/Include -I../Drivers/CMSIS/Include -O0 -ffunction-sections -fdata-sections -Wall -fstack-usage -fcyclomatic-complexity -MMD -MP -MF"Core/Src/main.d" -MT"Core/Src/main.o" --specs=nano.specs -mfpu=fpv4-sp-d16 -mfloat-abi=hard -mthumb -o "Core/Src/main.o"
arm-none-eabi-gcc -o "RTOS1.elf" @"objects.list"   -mcpu=cortex-m4 -T"C:\Users\My PC\Documents\New_EM\Embedded_Systems\FreeRTOS\RTOS_workspace\RTOS1\STM32F446RETX_FLASH.ld" --specs=nosys.specs -Wl,-Map="RTOS1.map" -Wl,--gc-sections -static --specs=nano.specs -mfpu=fpv4-sp-d16 -mfloat-abi=hard -mthumb -Wl,--start-group -lc -lm -Wl,--end-group
Finished building target: RTOS1.elf
 
arm-none-eabi-size  RTOS1.elf 
arm-none-eabi-objdump -h -S RTOS1.elf  > "RTOS1.list"
   text	   data	    bss	    dec	    hex	filename
  22144	    108	  79268	 101520	  18c90	RTOS1.elf
Finished building: default.size.stdout
 
Finished building: RTOS1.list
 
14:15:05 **** Incremental Build of configuration Debug for project RTOS1 ****
make -j12 all 
arm-none-eabi-size  RTOS1.elf 
   text	   data	    bss	    dec	    hex	filename
  22144	    108	  79268	 101520	  18c90	RTOS1.elf
Finished building: default.size.stdout
 
