21:53:49 **** Incremental Build of configuration Debug for project RTOS1 ****
make -j12 all 
arm-none-eabi-gcc "../ThirdParty/FreeRTOS/portable/MemMang/heap_4.c" -mcpu=cortex-m4 -std=gnu11 -g3 -DDEBUG -DUSE_HAL_DRIVER -DSTM32F446xx -c -I"C:/Users/My PC/Documents/New_EM/Embedded_Systems/FreeRTOS/RTOS_workspace/RTOS1/ThirdParty/FreeRTOS/include" -I"C:/Users/My PC/Documents/New_EM/Embedded_Systems/FreeRTOS/RTOS_workspace/RTOS1/ThirdParty/FreeRTOS/portable/GCC/ARM_CM4F" -I"C:/Users/My PC/Documents/New_EM/Embedded_Systems/FreeRTOS/RTOS_workspace/RTOS1/ThirdParty/FreeRTOS" -I../Core/Inc -I../Drivers/STM32F4xx_HAL_Driver/Inc -I../Drivers/STM32F4xx_HAL_Driver/Inc/Legacy -I../Drivers/CMSIS/Device/ST/STM32F4xx/Include -I../Drivers/CMSIS/Include -O0 -ffunction-sections -fdata-sections -Wall -fstack-usage -fcyclomatic-complexity -MMD -MP -MF"ThirdParty/FreeRTOS/portable/MemMang/heap_4.d" -MT"ThirdParty/FreeRTOS/portable/MemMang/heap_4.o" --specs=nano.specs -mfpu=fpv4-sp-d16 -mfloat-abi=hard -mthumb -o "ThirdParty/FreeRTOS/portable/MemMang/heap_4.o"
arm-none-eabi-gcc "../ThirdParty/FreeRTOS/portable/GCC/ARM_CM4F/port.c" -mcpu=cortex-m4 -std=gnu11 -g3 -DDEBUG -DUSE_HAL_DRIVER -DSTM32F446xx -c -I"C:/Users/My PC/Documents/New_EM/Embedded_Systems/FreeRTOS/RTOS_workspace/RTOS1/ThirdParty/FreeRTOS/include" -I"C:/Users/My PC/Documents/New_EM/Embedded_Systems/FreeRTOS/RTOS_workspace/RTOS1/ThirdParty/FreeRTOS/portable/GCC/ARM_CM4F" -I"C:/Users/My PC/Documents/New_EM/Embedded_Systems/FreeRTOS/RTOS_workspace/RTOS1/ThirdParty/FreeRTOS" -I../Core/Inc -I../Drivers/STM32F4xx_HAL_Driver/Inc -I../Drivers/STM32F4xx_HAL_Driver/Inc/Legacy -I../Drivers/CMSIS/Device/ST/STM32F4xx/Include -I../Drivers/CMSIS/Include -O0 -ffunction-sections -fdata-sections -Wall -fstack-usage -fcyclomatic-complexity -MMD -MP -MF"ThirdParty/FreeRTOS/portable/GCC/ARM_CM4F/port.d" -MT"ThirdParty/FreeRTOS/portable/GCC/ARM_CM4F/port.o" --specs=nano.specs -mfpu=fpv4-sp-d16 -mfloat-abi=hard -mthumb -o "ThirdParty/FreeRTOS/portable/GCC/ARM_CM4F/port.o"
arm-none-eabi-gcc "../ThirdParty/FreeRTOS/croutine.c" -mcpu=cortex-m4 -std=gnu11 -g3 -DDEBUG -DUSE_HAL_DRIVER -DSTM32F446xx -c -I"C:/Users/My PC/Documents/New_EM/Embedded_Systems/FreeRTOS/RTOS_workspace/RTOS1/ThirdParty/FreeRTOS/include" -I"C:/Users/My PC/Documents/New_EM/Embedded_Systems/FreeRTOS/RTOS_workspace/RTOS1/ThirdParty/FreeRTOS/portable/GCC/ARM_CM4F" -I"C:/Users/My PC/Documents/New_EM/Embedded_Systems/FreeRTOS/RTOS_workspace/RTOS1/ThirdParty/FreeRTOS" -I../Core/Inc -I../Drivers/STM32F4xx_HAL_Driver/Inc -I../Drivers/STM32F4xx_HAL_Driver/Inc/Legacy -I../Drivers/CMSIS/Device/ST/STM32F4xx/Include -I../Drivers/CMSIS/Include -O0 -ffunction-sections -fdata-sections -Wall -fstack-usage -fcyclomatic-complexity -MMD -MP -MF"ThirdParty/FreeRTOS/croutine.d" -MT"ThirdParty/FreeRTOS/croutine.o" --specs=nano.specs -mfpu=fpv4-sp-d16 -mfloat-abi=hard -mthumb -o "ThirdParty/FreeRTOS/croutine.o"
arm-none-eabi-gcc "../ThirdParty/FreeRTOS/event_groups.c" -mcpu=cortex-m4 -std=gnu11 -g3 -DDEBUG -DUSE_HAL_DRIVER -DSTM32F446xx -c -I"C:/Users/My PC/Documents/New_EM/Embedded_Systems/FreeRTOS/RTOS_workspace/RTOS1/ThirdParty/FreeRTOS/include" -I"C:/Users/My PC/Documents/New_EM/Embedded_Systems/FreeRTOS/RTOS_workspace/RTOS1/ThirdParty/FreeRTOS/portable/GCC/ARM_CM4F" -I"C:/Users/My PC/Documents/New_EM/Embedded_Systems/FreeRTOS/RTOS_workspace/RTOS1/ThirdParty/FreeRTOS" -I../Core/Inc -I../Drivers/STM32F4xx_HAL_Driver/Inc -I../Drivers/STM32F4xx_HAL_Driver/Inc/Legacy -I../Drivers/CMSIS/Device/ST/STM32F4xx/Include -I../Drivers/CMSIS/Include -O0 -ffunction-sections -fdata-sections -Wall -fstack-usage -fcyclomatic-complexity -MMD -MP -MF"ThirdParty/FreeRTOS/event_groups.d" -MT"ThirdParty/FreeRTOS/event_groups.o" --specs=nano.specs -mfpu=fpv4-sp-d16 -mfloat-abi=hard -mthumb -o "ThirdParty/FreeRTOS/event_groups.o"
arm-none-eabi-gcc "../ThirdParty/FreeRTOS/list.c" -mcpu=cortex-m4 -std=gnu11 -g3 -DDEBUG -DUSE_HAL_DRIVER -DSTM32F446xx -c -I"C:/Users/My PC/Documents/New_EM/Embedded_Systems/FreeRTOS/RTOS_workspace/RTOS1/ThirdParty/FreeRTOS/include" -I"C:/Users/My PC/Documents/New_EM/Embedded_Systems/FreeRTOS/RTOS_workspace/RTOS1/ThirdParty/FreeRTOS/portable/GCC/ARM_CM4F" -I"C:/Users/My PC/Documents/New_EM/Embedded_Systems/FreeRTOS/RTOS_workspace/RTOS1/ThirdParty/FreeRTOS" -I../Core/Inc -I../Drivers/STM32F4xx_HAL_Driver/Inc -I../Drivers/STM32F4xx_HAL_Driver/Inc/Legacy -I../Drivers/CMSIS/Device/ST/STM32F4xx/Include -I../Drivers/CMSIS/Include -O0 -ffunction-sections -fdata-sections -Wall -fstack-usage -fcyclomatic-complexity -MMD -MP -MF"ThirdParty/FreeRTOS/list.d" -MT"ThirdParty/FreeRTOS/list.o" --specs=nano.specs -mfpu=fpv4-sp-d16 -mfloat-abi=hard -mthumb -o "ThirdParty/FreeRTOS/list.o"
arm-none-eabi-gcc "../ThirdParty/FreeRTOS/queue.c" -mcpu=cortex-m4 -std=gnu11 -g3 -DDEBUG -DUSE_HAL_DRIVER -DSTM32F446xx -c -I"C:/Users/My PC/Documents/New_EM/Embedded_Systems/FreeRTOS/RTOS_workspace/RTOS1/ThirdParty/FreeRTOS/include" -I"C:/Users/My PC/Documents/New_EM/Embedded_Systems/FreeRTOS/RTOS_workspace/RTOS1/ThirdParty/FreeRTOS/portable/GCC/ARM_CM4F" -I"C:/Users/My PC/Documents/New_EM/Embedded_Systems/FreeRTOS/RTOS_workspace/RTOS1/ThirdParty/FreeRTOS" -I../Core/Inc -I../Drivers/STM32F4xx_HAL_Driver/Inc -I../Drivers/STM32F4xx_HAL_Driver/Inc/Legacy -I../Drivers/CMSIS/Device/ST/STM32F4xx/Include -I../Drivers/CMSIS/Include -O0 -ffunction-sections -fdata-sections -Wall -fstack-usage -fcyclomatic-complexity -MMD -MP -MF"ThirdParty/FreeRTOS/queue.d" -MT"ThirdParty/FreeRTOS/queue.o" --specs=nano.specs -mfpu=fpv4-sp-d16 -mfloat-abi=hard -mthumb -o "ThirdParty/FreeRTOS/queue.o"
arm-none-eabi-gcc "../ThirdParty/FreeRTOS/stream_buffer.c" -mcpu=cortex-m4 -std=gnu11 -g3 -DDEBUG -DUSE_HAL_DRIVER -DSTM32F446xx -c -I"C:/Users/My PC/Documents/New_EM/Embedded_Systems/FreeRTOS/RTOS_workspace/RTOS1/ThirdParty/FreeRTOS/include" -I"C:/Users/My PC/Documents/New_EM/Embedded_Systems/FreeRTOS/RTOS_workspace/RTOS1/ThirdParty/FreeRTOS/portable/GCC/ARM_CM4F" -I"C:/Users/My PC/Documents/New_EM/Embedded_Systems/FreeRTOS/RTOS_workspace/RTOS1/ThirdParty/FreeRTOS" -I../Core/Inc -I../Drivers/STM32F4xx_HAL_Driver/Inc -I../Drivers/STM32F4xx_HAL_Driver/Inc/Legacy -I../Drivers/CMSIS/Device/ST/STM32F4xx/Include -I../Drivers/CMSIS/Include -O0 -ffunction-sections -fdata-sections -Wall -fstack-usage -fcyclomatic-complexity -MMD -MP -MF"ThirdParty/FreeRTOS/stream_buffer.d" -MT"ThirdParty/FreeRTOS/stream_buffer.o" --specs=nano.specs -mfpu=fpv4-sp-d16 -mfloat-abi=hard -mthumb -o "ThirdParty/FreeRTOS/stream_buffer.o"
arm-none-eabi-gcc "../ThirdParty/FreeRTOS/tasks.c" -mcpu=cortex-m4 -std=gnu11 -g3 -DDEBUG -DUSE_HAL_DRIVER -DSTM32F446xx -c -I"C:/Users/My PC/Documents/New_EM/Embedded_Systems/FreeRTOS/RTOS_workspace/RTOS1/ThirdParty/FreeRTOS/include" -I"C:/Users/My PC/Documents/New_EM/Embedded_Systems/FreeRTOS/RTOS_workspace/RTOS1/ThirdParty/FreeRTOS/portable/GCC/ARM_CM4F" -I"C:/Users/My PC/Documents/New_EM/Embedded_Systems/FreeRTOS/RTOS_workspace/RTOS1/ThirdParty/FreeRTOS" -I../Core/Inc -I../Drivers/STM32F4xx_HAL_Driver/Inc -I../Drivers/STM32F4xx_HAL_Driver/Inc/Legacy -I../Drivers/CMSIS/Device/ST/STM32F4xx/Include -I../Drivers/CMSIS/Include -O0 -ffunction-sections -fdata-sections -Wall -fstack-usage -fcyclomatic-complexity -MMD -MP -MF"ThirdParty/FreeRTOS/tasks.d" -MT"ThirdParty/FreeRTOS/tasks.o" --specs=nano.specs -mfpu=fpv4-sp-d16 -mfloat-abi=hard -mthumb -o "ThirdParty/FreeRTOS/tasks.o"
arm-none-eabi-gcc "../ThirdParty/FreeRTOS/timers.c" -mcpu=cortex-m4 -std=gnu11 -g3 -DDEBUG -DUSE_HAL_DRIVER -DSTM32F446xx -c -I"C:/Users/My PC/Documents/New_EM/Embedded_Systems/FreeRTOS/RTOS_workspace/RTOS1/ThirdParty/FreeRTOS/include" -I"C:/Users/My PC/Documents/New_EM/Embedded_Systems/FreeRTOS/RTOS_workspace/RTOS1/ThirdParty/FreeRTOS/portable/GCC/ARM_CM4F" -I"C:/Users/My PC/Documents/New_EM/Embedded_Systems/FreeRTOS/RTOS_workspace/RTOS1/ThirdParty/FreeRTOS" -I../Core/Inc -I../Drivers/STM32F4xx_HAL_Driver/Inc -I../Drivers/STM32F4xx_HAL_Driver/Inc/Legacy -I../Drivers/CMSIS/Device/ST/STM32F4xx/Include -I../Drivers/CMSIS/Include -O0 -ffunction-sections -fdata-sections -Wall -fstack-usage -fcyclomatic-complexity -MMD -MP -MF"ThirdParty/FreeRTOS/timers.d" -MT"ThirdParty/FreeRTOS/timers.o" --specs=nano.specs -mfpu=fpv4-sp-d16 -mfloat-abi=hard -mthumb -o "ThirdParty/FreeRTOS/timers.o"
arm-none-eabi-gcc "../Core/Src/main.c" -mcpu=cortex-m4 -std=gnu11 -g3 -DDEBUG -DUSE_HAL_DRIVER -DSTM32F446xx -c -I"C:/Users/My PC/Documents/New_EM/Embedded_Systems/FreeRTOS/RTOS_workspace/RTOS1/ThirdParty/FreeRTOS/include" -I"C:/Users/My PC/Documents/New_EM/Embedded_Systems/FreeRTOS/RTOS_workspace/RTOS1/ThirdParty/FreeRTOS/portable/GCC/ARM_CM4F" -I"C:/Users/My PC/Documents/New_EM/Embedded_Systems/FreeRTOS/RTOS_workspace/RTOS1/ThirdParty/FreeRTOS" -I../Core/Inc -I../Drivers/STM32F4xx_HAL_Driver/Inc -I../Drivers/STM32F4xx_HAL_Driver/Inc/Legacy -I../Drivers/CMSIS/Device/ST/STM32F4xx/Include -I../Drivers/CMSIS/Include -O0 -ffunction-sections -fdata-sections -Wall -fstack-usage -fcyclomatic-complexity -MMD -MP -MF"Core/Src/main.d" -MT"Core/Src/main.o" --specs=nano.specs -mfpu=fpv4-sp-d16 -mfloat-abi=hard -mthumb -o "Core/Src/main.o"
arm-none-eabi-gcc -o "RTOS1.elf" @"objects.list"   -mcpu=cortex-m4 -T"C:\Users\My PC\Documents\New_EM\Embedded_Systems\FreeRTOS\RTOS_workspace\RTOS1\STM32F446RETX_FLASH.ld" --specs=nosys.specs -Wl,-Map="RTOS1.map" -Wl,--gc-sections -static --specs=nano.specs -mfpu=fpv4-sp-d16 -mfloat-abi=hard -mthumb -Wl,--start-group -lc -lm -Wl,--end-group
Finished building target: RTOS1.elf
 
arm-none-eabi-size  RTOS1.elf 
arm-none-eabi-objdump -h -S RTOS1.elf  > "RTOS1.list"
   text	   data	    bss	    dec	    hex	filename
  21840	    108	  79268	 101216	  18b60	RTOS1.elf
Finished building: default.size.stdout
 
Finished building: RTOS1.list
 
21:53:57 **** Incremental Build of configuration Debug for project RTOS1 ****
make -j12 all 
arm-none-eabi-size  RTOS1.elf 
   text	   data	    bss	    dec	    hex	filename
  21840	    108	  79268	 101216	  18b60	RTOS1.elf
Finished building: default.size.stdout
 
21:54:16 **** Incremental Build of configuration Debug for project RTOS1 ****
make -j12 all 
arm-none-eabi-size  RTOS1.elf 
   text	   data	    bss	    dec	    hex	filename
  21840	    108	  79268	 101216	  18b60	RTOS1.elf
Finished building: default.size.stdout
 
