20:35:01 **** Incremental Build of configuration Debug for project Driver_Dev ****
make -j12 all 
arm-none-eabi-gcc "../Src/Button_press_toggle_led.c" -mcpu=cortex-m4 -std=gnu11 -g3 -DDEBUG -DSTM32 -DSTM32F4 -DSTM32F446RETx -DNUCLEO_F446RE -c -I../Inc -I"C:/Users/My PC/Documents/New_EM/Embedded_Systems/STM32_2nd_batch/First_example/Driver_Dev/Drivers/Inc" -O0 -ffunction-sections -fdata-sections -Wall -fstack-usage -fcyclomatic-complexity -MMD -MP -MF"Src/Button_press_toggle_led.d" -MT"Src/Button_press_toggle_led.o" --specs=nano.specs -mfloat-abi=soft -mthumb -o "Src/Button_press_toggle_led.o"
arm-none-eabi-gcc -o "Driver_Dev.elf" @"objects.list"   -mcpu=cortex-m4 -T"C:\Users\My PC\Documents\New_EM\Embedded_Systems\STM32_2nd_batch\First_example\Driver_Dev\STM32F446RETX_FLASH.ld" --specs=nosys.specs -Wl,-Map="Driver_Dev.map" -Wl,--gc-sections -static --specs=nano.specs -mfloat-abi=soft -mthumb -Wl,--start-group -lc -lm -Wl,--end-group
Finished building target: Driver_Dev.elf
 
arm-none-eabi-size  Driver_Dev.elf 
arm-none-eabi-objdump -h -S Driver_Dev.elf  > "Driver_Dev.list"
   text	   data	    bss	    dec	    hex	filename
   1864	      0	   1568	   3432	    d68	Driver_Dev.elf
Finished building: default.size.stdout
 
Finished building: Driver_Dev.list
 

20:35:02 Build Finished. 0 errors, 0 warnings. (took 801ms)

